GIT Project
Assignment Part 1:

ishag@LAPTOP-G98A5QNF MINGW64 ~
$ cd project_dir

ishag@LAPTOP-G98A5QNF MINGW64 ~/project_dir (master)
$ git status
On branch master
nothing to commit, working tree clean

ishag@LAPTOP-G98A5QNF MINGW64 ~/project_dir (master)
$ git init
Reinitialized existing Git repository in C:/Users/ishag/project_dir/.git/

ishag@LAPTOP-G98A5QNF MINGW64 ~/project_dir (master)
$ git config --global user.username isha-gajjar

ishag@LAPTOP-G98A5QNF MINGW64 ~/project_dir (master)
$ git add index.html

ishag@LAPTOP-G98A5QNF MINGW64 ~/project_dir (master)
$ git status
On branch master
Changes to be committed:
  (use "git restore --staged <file>..." to unstage)
        modified:   index.html


ishag@LAPTOP-G98A5QNF MINGW64 ~/project_dir (master)
$ git status
On branch master
Changes to be committed:
  (use "git restore --staged <file>..." to unstage)
        modified:   index.html

Untracked files:
  (use "git add <file>..." to include in what will be committed)
        info.txt


ishag@LAPTOP-G98A5QNF MINGW64 ~/project_dir (master)
$  git rm --cached index.html
rm 'index.html'

ishag@LAPTOP-G98A5QNF MINGW64 ~/project_dir (master)
$ git status
On branch master
Changes to be committed:
  (use "git restore --staged <file>..." to unstage)
        deleted:    index.html

Untracked files:
  (use "git add <file>..." to include in what will be committed)
        index.html
        info.txt


ishag@LAPTOP-G98A5QNF MINGW64 ~/project_dir (master)
$ touch .gitignore

ishag@LAPTOP-G98A5QNF MINGW64 ~/project_dir (master)
$ git add .

ishag@LAPTOP-G98A5QNF MINGW64 ~/project_dir (master)
$ git status
On branch master
Changes to be committed:
  (use "git restore --staged <file>..." to unstage)
        new file:   .gitignore
        modified:   index.html


ishag@LAPTOP-G98A5QNF MINGW64 ~/project_dir (master)
$ git rm --cached index.html
rm 'index.html'

ishag@LAPTOP-G98A5QNF MINGW64 ~/project_dir (master)
$ git status
On branch master
Changes to be committed:
  (use "git restore --staged <file>..." to unstage)
        new file:   .gitignore
        deleted:    index.html

Untracked files:
  (use "git add <file>..." to include in what will be committed)
        index.html


ishag@LAPTOP-G98A5QNF MINGW64 ~/project_dir (master)
$ git add index.html

ishag@LAPTOP-G98A5QNF MINGW64 ~/project_dir (master)
$ git status
On branch master
Changes to be committed:
  (use "git restore --staged <file>..." to unstage)
        new file:   .gitignore
        modified:   index.html


ishag@LAPTOP-G98A5QNF MINGW64 ~/project_dir (master)
$ git rm --cached .gitignore
rm '.gitignore'

ishag@LAPTOP-G98A5QNF MINGW64 ~/project_dir (master)
$ git status
On branch master
Changes to be committed:
  (use "git restore --staged <file>..." to unstage)
        modified:   index.html

Untracked files:
  (use "git add <file>..." to include in what will be committed)
        .gitignore


ishag@LAPTOP-G98A5QNF MINGW64 ~/project_dir (master)
$ git commit -m "committing index file"
[master eb3914c] committing index file
 1 file changed, 8 insertions(+)

ishag@LAPTOP-G98A5QNF MINGW64 ~/project_dir (master)
$ git status
On branch master
Untracked files:
  (use "git add <file>..." to include in what will be committed)
        .gitignore

nothing added to commit but untracked files present (use "git add" to track)


ishag@LAPTOP-G98A5QNF MINGW64 ~
$ cd project_dir

ishag@LAPTOP-G98A5QNF MINGW64 ~/project_dir (master)
$ git status
On branch master
Changes not staged for commit:
  (use "git add <file>..." to update what will be committed)
  (use "git restore <file>..." to discard changes in working directory)
        modified:   index.html

Untracked files:
  (use "git add <file>..." to include in what will be committed)
        .gitignore

no changes added to commit (use "git add" and/or "git commit -a")

ishag@LAPTOP-G98A5QNF MINGW64 ~/project_dir (master)
$ git restore index.html

ishag@LAPTOP-G98A5QNF MINGW64 ~/project_dir (master)
$ git status
On branch master
Untracked files:
  (use "git add <file>..." to include in what will be committed)
        .gitignore

nothing added to commit but untracked files present (use "git add" to track)

ishag@LAPTOP-G98A5QNF MINGW64 ~/project_dir (master)
$ git status
On branch master
Changes not staged for commit:
  (use "git add <file>..." to update what will be committed)
  (use "git restore <file>..." to discard changes in working directory)
        modified:   index.html

Untracked files:
  (use "git add <file>..." to include in what will be committed)
        .gitignore

no changes added to commit (use "git add" and/or "git commit -a")

ishag@LAPTOP-G98A5QNF MINGW64 ~/project_dir (master)
$ git add index.html

ishag@LAPTOP-G98A5QNF MINGW64 ~/project_dir (master)
$ git status
On branch master
Changes to be committed:
  (use "git restore --staged <file>..." to unstage)
        modified:   index.html

Untracked files:
  (use "git add <file>..." to include in what will be committed)
        .gitignore


ishag@LAPTOP-G98A5QNF MINGW64 ~/project_dir (master)
$ git restore --staged index.html

ishag@LAPTOP-G98A5QNF MINGW64 ~/project_dir (master)
$ git status
On branch master
Changes not staged for commit:
  (use "git add <file>..." to update what will be committed)
  (use "git restore <file>..." to discard changes in working directory)
        modified:   index.html

Untracked files:
  (use "git add <file>..." to include in what will be committed)
        .gitignore

no changes added to commit (use "git add" and/or "git commit -a")

ishag@LAPTOP-G98A5QNF MINGW64 ~/project_dir (master)
$ git config --global alias.myadd add

ishag@LAPTOP-G98A5QNF MINGW64 ~/project_dir (master)
$ git myadd index.html

ishag@LAPTOP-G98A5QNF MINGW64 ~/project_dir (master)
$ git status
On branch master
Changes to be committed:
  (use "git restore --staged <file>..." to unstage)
        modified:   index.html

Untracked files:
  (use "git add <file>..." to include in what will be committed)
        .gitignore


ishag@LAPTOP-G98A5QNF MINGW64 ~/project_dir (master)
$ git commit -m "committing index file after changing add to myadd"
[master 9b55eda] committing index file after changing add to myadd
 1 file changed, 1 insertion(+), 1 deletion(-)

ishag@LAPTOP-G98A5QNF MINGW64 ~/project_dir (master)
$ git status
On branch master
Untracked files:
  (use "git add <file>..." to include in what will be committed)
        .gitignore

nothing added to commit but untracked files present (use "git add" to track)

$ git log
commit fc6a6afa5c708fd92aa69147842fb64993bc5459 (HEAD -> master)
Author: isha-gajjar <isha.gajjar2398@gmail.com>
Date:   Sat Apr 10 10:00:00 2021 +0530

    Revert "committing index file after changing add to myadd"

    This reverts commit 9b55eda9485ba322ec2a426871da2fbc3eff1665.

commit 9b55eda9485ba322ec2a426871da2fbc3eff1665
Author: isha-gajjar <isha.gajjar2398@gmail.com>
Date:   Sat Apr 10 09:43:24 2021 +0530

    committing index file after changing add to myadd

commit eb3914c9b061ec348bc7aaa021fc4f27557d97eb
Author: isha-gajjar <isha.gajjar2398@gmail.com>
Date:   Fri Apr 9 16:16:43 2021 +0530

    committing index file

commit a014510043e36fd8454a5827b17351a9f3b005a6
Author: isha-gajjar <isha.gajjar2398@gmail.com>
Date:   Fri Apr 9 15:14:19 2021 +0530

    commit index file


Assignment Part 2: Git Branching
1.	Html

ishag@LAPTOP-G98A5QNF MINGW64 ~
$ mkdir Assignments

ishag@LAPTOP-G98A5QNF MINGW64 ~
$ cd Assignments

ishag@LAPTOP-G98A5QNF MINGW64 ~/Assignments
$ git init
Initialized empty Git repository in C:/Users/ishag/Assignments/.git/

ishag@LAPTOP-G98A5QNF MINGW64 ~/Assignments (master)
$ git status
On branch master

No commits yet

Untracked files:
  (use "git add <file>..." to include in what will be committed)
        README.txt

nothing added to commit but untracked files present (use "git add" to track)

ishag@LAPTOP-G98A5QNF MINGW64 ~/Assignments (master)
$ git add README.txt

ishag@LAPTOP-G98A5QNF MINGW64 ~/Assignments (master)
$ git commit -m "commit README.txt file"
[master (root-commit) 32e1c98] commit README.txt file
 1 file changed, 1 insertion(+)
 create mode 100644 README.txt

ishag@LAPTOP-G98A5QNF MINGW64 ~/Assignments (master)
$ git status
On branch master
nothing to commit, working tree clean

ishag@LAPTOP-G98A5QNF MINGW64 ~/Assignments (master)
$ git branch html-assignments

ishag@LAPTOP-G98A5QNF MINGW64 ~/Assignments (master)
$ git checkout html-assignments
Switched to branch 'html-assignments'

ishag@LAPTOP-G98A5QNF MINGW64 ~/Assignments (html-assignments)
$ git branch
* html-assignments
  master

ishag@LAPTOP-G98A5QNF MINGW64 ~/Assignments (html-assignments)
$ git status
On branch html-assignments
nothing to commit, working tree clean

ishag@LAPTOP-G98A5QNF MINGW64 ~/Assignments (html-assignments)
$ git status
On branch html-assignments
Changes not staged for commit:
  (use "git add <file>..." to update what will be committed)
  (use "git restore <file>..." to discard changes in working directory)
        modified:   README.txt

no changes added to commit (use "git add" and/or "git commit -a")

ishag@LAPTOP-G98A5QNF MINGW64 ~/Assignments (html-assignments)
$ git restore README.txt

ishag@LAPTOP-G98A5QNF MINGW64 ~/Assignments (html-assignments)
$ git status
On branch html-assignments
nothing to commit, working tree clean

ishag@LAPTOP-G98A5QNF MINGW64 ~/Assignments (html-assignments)
$ git checkout master
Switched to branch 'master'

ishag@LAPTOP-G98A5QNF MINGW64 ~/Assignments (master)
$ touch isha.html

ishag@LAPTOP-G98A5QNF MINGW64 ~/Assignments (master)
$ git status
On branch master
Untracked files:
  (use "git add <file>..." to include in what will be committed)
        isha.html

nothing added to commit but untracked files present (use "git add" to track)

ishag@LAPTOP-G98A5QNF MINGW64 ~/Assignments (master)
$ git checkout html-assignments
Switched to branch 'html-assignments'

ishag@LAPTOP-G98A5QNF MINGW64 ~/Assignments (html-assignments)
$ git status
On branch html-assignments
Untracked files:
  (use "git add <file>..." to include in what will be committed)
        isha.html

nothing added to commit but untracked files present (use "git add" to track)

ishag@LAPTOP-G98A5QNF MINGW64 ~/Assignments (html-assignments)
$ git status
On branch html-assignments
Untracked files:
  (use "git add <file>..." to include in what will be committed)
        isha.html

nothing added to commit but untracked files present (use "git add" to track)

ishag@LAPTOP-G98A5QNF MINGW64 ~/Assignments (html-assignments)
$ git add isha.html

ishag@LAPTOP-G98A5QNF MINGW64 ~/Assignments (html-assignments)
$ git commit -m "made changes to isha.html"
[html-assignments 55a7556] made changes to isha.html
 1 file changed, 8 insertions(+)
 create mode 100644 isha.html

ishag@LAPTOP-G98A5QNF MINGW64 ~/Assignments (html-assignments)
$ git checkout master
Switched to branch 'master'

ishag@LAPTOP-G98A5QNF MINGW64 ~/Assignments (master)
$ git status
On branch master
Changes not staged for commit:
  (use "git add <file>..." to update what will be committed)
  (use "git restore <file>..." to discard changes in working directory)
        modified:   README.txt

no changes added to commit (use "git add" and/or "git commit -a")

ishag@LAPTOP-G98A5QNF MINGW64 ~/Assignments (master)
$ git add README.txt

ishag@LAPTOP-G98A5QNF MINGW64 ~/Assignments (master)
$ git commit -m "made changes to README file"
[master d5a0ffc] made changes to README file
 1 file changed, 1 insertion(+)

ishag@LAPTOP-G98A5QNF MINGW64 ~/Assignments (master)
$ git checkout html-assignments
Switched to branch 'html-assignments'

ishag@LAPTOP-G98A5QNF MINGW64 ~/Assignments (html-assignments)
$ git status
On branch html-assignments
Changes not staged for commit:
  (use "git add <file>..." to update what will be committed)
  (use "git restore <file>..." to discard changes in working directory)
        modified:   isha.html

no changes added to commit (use "git add" and/or "git commit -a")

ishag@LAPTOP-G98A5QNF MINGW64 ~/Assignments (html-assignments)
$ git add isha.html

ishag@LAPTOP-G98A5QNF MINGW64 ~/Assignments (html-assignments)
$ git commit -m "again made changes to isha.html"
[html-assignments 76e11ac] again made changes to isha.html
 1 file changed, 1 insertion(+)

ishag@LAPTOP-G98A5QNF MINGW64 ~/Assignments (html-assignments)
$ git checkout master
Switched to branch 'master'

ishag@LAPTOP-G98A5QNF MINGW64 ~/Assignments (master)
$ git merge html-assignments
Merge made by the 'recursive' strategy.
 isha.html | 9 +++++++++
 1 file changed, 9 insertions(+)
 create mode 100644 isha.html

ishag@LAPTOP-G98A5QNF MINGW64 ~/Assignments (master)
$ git log
commit 0bddc4218351d62533e5ff5fa1cb3af8dce6ae46 (HEAD -> master)
Merge: d5a0ffc 76e11ac
Author: isha-gajjar <isha.gajjar2398@gmail.com>
Date:   Sat Apr 10 16:07:43 2021 +0530

    Merge branch 'html-assignments'

commit 76e11acd886b8a27900316d1ec6cdfe66a55d669 (html-assignments)
Author: isha-gajjar <isha.gajjar2398@gmail.com>
Date:   Sat Apr 10 16:06:50 2021 +0530

    again made changes to isha.html

commit d5a0ffc0544ea761f52ba288702f012f1b8fd22e
Author: isha-gajjar <isha.gajjar2398@gmail.com>
Date:   Sat Apr 10 16:05:02 2021 +0530

    made changes to README file

commit 55a7556304c8c0d128ec69ad75a45e92ee22cb5c
Author: isha-gajjar <isha.gajjar2398@gmail.com>
Date:   Sat Apr 10 16:03:23 2021 +0530

    made changes to isha.html

commit 32e1c9813ac7ebe2c6f65fd4ec9307f1583ed258
Author: isha-gajjar <isha.gajjar2398@gmail.com>
Date:   Sat Apr 10 14:33:06 2021 +0530

    commit README.txt file
(END)
ishag@LAPTOP-G98A5QNF MINGW64 ~/Assignments (master)
$ git status
On branch master
nothing to commit, working tree clean

ishag@LAPTOP-G98A5QNF MINGW64 ~/Assignments (master)
$ git branch -d html-assignments
Deleted branch html-assignments (was 76e11ac).


2.	CSS

ishag@LAPTOP-G98A5QNF MINGW64 ~/Assignments (master)
$ git branch css-assignments

ishag@LAPTOP-G98A5QNF MINGW64 ~/Assignments (master)
$ git checkout css-assignments
Switched to branch 'css-assignments'
M       isha.html

ishag@LAPTOP-G98A5QNF MINGW64 ~/Assignments (css-assignments)
$ git add sample.css

ishag@LAPTOP-G98A5QNF MINGW64 ~/Assignments (css-assignments)
$ git commit -m "committed css file"
[css-assignments 247184d] committed css file
 1 file changed, 52 insertions(+)
 create mode 100644 sample.css

ishag@LAPTOP-G98A5QNF MINGW64 ~/Assignments (css-assignments)
$ git status
On branch css-assignments
Changes not staged for commit:
  (use "git add <file>..." to update what will be committed)
  (use "git restore <file>..." to discard changes in working directory)
        modified:   README.txt
        modified:   isha.html

Untracked files:
  (use "git add <file>..." to include in what will be committed)
        proj.js

no changes added to commit (use "git add" and/or "git commit -a")

ishag@LAPTOP-G98A5QNF MINGW64 ~/Assignments (css-assignments)
$ git add README.txt

ishag@LAPTOP-G98A5QNF MINGW64 ~/Assignments (css-assignments)
$ git commit -m "committing readme file with line 1 changes"
[css-assignments 82ba624] committing readme file with line 1 changes
 1 file changed, 1 insertion(+), 1 deletion(-)

ishag@LAPTOP-G98A5QNF MINGW64 ~/Assignments (css-assignments)
$ git checkout master
Switched to branch 'master'
M       isha.html

ishag@LAPTOP-G98A5QNF MINGW64 ~/Assignments (master)
$ git status
On branch master
Changes not staged for commit:
  (use "git add <file>..." to update what will be committed)
  (use "git restore <file>..." to discard changes in working directory)
        modified:   README.txt
        modified:   isha.html

Untracked files:
  (use "git add <file>..." to include in what will be committed)
        proj.js

no changes added to commit (use "git add" and/or "git commit -a")

ishag@LAPTOP-G98A5QNF MINGW64 ~/Assignments (master)
$ git add README.txt

ishag@LAPTOP-G98A5QNF MINGW64 ~/Assignments (master)
$ git commit -m "committing readme file with line 3 changes"
[master a61fec0] committing readme file with line 3 changes
 1 file changed, 1 insertion(+)

ishag@LAPTOP-G98A5QNF MINGW64 ~/Assignments (master)
$ git checkout css-assignments
Switched to branch 'css-assignments'
M       isha.html

ishag@LAPTOP-G98A5QNF MINGW64 ~/Assignments (css-assignments)
$ git status
On branch css-assignments
Changes not staged for commit:
  (use "git add <file>..." to update what will be committed)
  (use "git restore <file>..." to discard changes in working directory)
        modified:   README.txt
        modified:   isha.html

Untracked files:
  (use "git add <file>..." to include in what will be committed)
        proj.js

no changes added to commit (use "git add" and/or "git commit -a")

ishag@LAPTOP-G98A5QNF MINGW64 ~/Assignments (css-assignments)
$ git add README.txt

ishag@LAPTOP-G98A5QNF MINGW64 ~/Assignments (css-assignments)
$ git commit -m "changes made in readme again"
[css-assignments 52086f5] changes made in readme again
 1 file changed, 1 insertion(+), 1 deletion(-)

ishag@LAPTOP-G98A5QNF MINGW64 ~/Assignments (css-assignments)
$ git checkout master
Switched to branch 'master'
M       isha.html

ishag@LAPTOP-G98A5QNF MINGW64 ~/Assignments (master)
$ git merge css-assignments
Auto-merging README.txt
Merge made by the 'recursive' strategy.
 README.txt |  2 +-
 sample.css | 52 ++++++++++++++++++++++++++++++++++++++++++++++++++++
 2 files changed, 53 insertions(+), 1 deletion(-)
 create mode 100644 sample.css

ishag@LAPTOP-G98A5QNF MINGW64 ~/Assignments (master)
$ git log
commit 68dbd99e655a4dd3d89aa33e282a4bf10313fc53 (HEAD -> master)
Merge: a61fec0 52086f5
Author: isha-gajjar <isha.gajjar2398@gmail.com>
Date:   Sat Apr 10 17:21:53 2021 +0530

    Merge branch 'css-assignments'

commit 52086f532d5399f82d9393bddd7906692cf7add0 (css-assignments)
Author: isha-gajjar <isha.gajjar2398@gmail.com>
Date:   Sat Apr 10 17:21:28 2021 +0530

    changes made in readme again

commit a61fec0fa0a07a5ecd9e936ba18b9e3acdbb99e2
Author: isha-gajjar <isha.gajjar2398@gmail.com>
Date:   Sat Apr 10 17:19:55 2021 +0530

    committing readme file with line 3 changes

commit 82ba624f9d66553a9d3a41fee4a4af65218f8ec4
Author: isha-gajjar <isha.gajjar2398@gmail.com>
Date:   Sat Apr 10 17:16:53 2021 +0530


ishag@LAPTOP-G98A5QNF MINGW64 ~/Assignments (master)
$ git branch -d css-assignments
Deleted branch css-assignments (was 52086f5).

3.	JavaScript
ishag@LAPTOP-G98A5QNF MINGW64 ~/Assignments (master)
$ git branch
  js-assignments
* master

ishag@LAPTOP-G98A5QNF MINGW64 ~/Assignments (master)
$ git checkout js-assignments
Switched to branch 'js-assignments'
M       isha.html

ishag@LAPTOP-G98A5QNF MINGW64 ~/Assignments (js-assignments)
$ git add proj.js
fatal: pathspec 'proj.js' did not match any files

ishag@LAPTOP-G98A5QNF MINGW64 ~/Assignments (js-assignments)
$ git add proj.js

ishag@LAPTOP-G98A5QNF MINGW64 ~/Assignments (js-assignments)
$ git commit -m "committed js assignments"
[js-assignments 9996d2f] committed js assignments
 1 file changed, 19 insertions(+)
 create mode 100644 proj.js

ishag@LAPTOP-G98A5QNF MINGW64 ~/Assignments (js-assignments)
$ git status
On branch js-assignments
Changes not staged for commit:
  (use "git add <file>..." to update what will be committed)
  (use "git restore <file>..." to discard changes in working directory)
        modified:   README.txt
        modified:   isha.html

no changes added to commit (use "git add" and/or "git commit -a")

ishag@LAPTOP-G98A5QNF MINGW64 ~/Assignments (js-assignments)
$ git add README.txt

ishag@LAPTOP-G98A5QNF MINGW64 ~/Assignments (js-assignments)
$ git commit -m "commiting changes in line 1"
[js-assignments d6bb95d] commiting changes in line 1
 1 file changed, 1 insertion(+), 1 deletion(-)

ishag@LAPTOP-G98A5QNF MINGW64 ~/Assignments (js-assignments)
$ git checkout master
Switched to branch 'master'
M       isha.html

ishag@LAPTOP-G98A5QNF MINGW64 ~/Assignments (master)
$ git checkout js-assignments
Switched to branch 'js-assignments'
M       isha.html

ishag@LAPTOP-G98A5QNF MINGW64 ~/Assignments (js-assignments)
$ git checkout master
Switched to branch 'master'
M       isha.html

ishag@LAPTOP-G98A5QNF MINGW64 ~/Assignments (master)
$ git status
On branch master
Changes not staged for commit:
  (use "git add <file>..." to update what will be committed)
  (use "git restore <file>..." to discard changes in working directory)
        modified:   README.txt
        modified:   isha.html

no changes added to commit (use "git add" and/or "git commit -a")

ishag@LAPTOP-G98A5QNF MINGW64 ~/Assignments (master)
$ git add README.txt

ishag@LAPTOP-G98A5QNF MINGW64 ~/Assignments (master)
$ git commit -m "again made changes in line 1"
[master 42b1641] again made changes in line 1
 1 file changed, 1 insertion(+), 1 deletion(-)

ishag@LAPTOP-G98A5QNF MINGW64 ~/Assignments (master)
$ git checkout js-assignments
Switched to branch 'js-assignments'
M       isha.html

ishag@LAPTOP-G98A5QNF MINGW64 ~/Assignments (js-assignments)
$ git status
On branch js-assignments
Changes not staged for commit:
  (use "git add <file>..." to update what will be committed)
  (use "git restore <file>..." to discard changes in working directory)
        modified:   isha.html
        modified:   proj.js

no changes added to commit (use "git add" and/or "git commit -a")

ishag@LAPTOP-G98A5QNF MINGW64 ~/Assignments (js-assignments)
$ git add proj.js

ishag@LAPTOP-G98A5QNF MINGW64 ~/Assignments (js-assignments)
$ git commit -m "committing new changes"
[js-assignments 5e40abc] committing new changes
 1 file changed, 1 insertion(+)

ishag@LAPTOP-G98A5QNF MINGW64 ~/Assignments (js-assignments)
$ git checkout master
Switched to branch 'master'
M       isha.html

ishag@LAPTOP-G98A5QNF MINGW64 ~/Assignments (master)
$ git merge js-assignments
Auto-merging README.txt
CONFLICT (content): Merge conflict in README.txt
Automatic merge failed; fix conflicts and then commit the result.

ishag@LAPTOP-G98A5QNF MINGW64 ~/Assignments (master|MERGING)
$ git merge js-assignments
error: Merging is not possible because you have unmerged files.
hint: Fix them up in the work tree, and then use 'git add/rm <file>'
hint: as appropriate to mark resolution and make a commit.
fatal: Exiting because of an unresolved conflict.

ishag@LAPTOP-G98A5QNF MINGW64 ~/Assignments (master|MERGING)
$ git rm README.txt
rm 'README.txt'

ishag@LAPTOP-G98A5QNF MINGW64 ~/Assignments (master|MERGING)
$ git merge js-assignments
fatal: You have not concluded your merge (MERGE_HEAD exists).
Please, commit your changes before you merge.

ishag@LAPTOP-G98A5QNF MINGW64 ~/Assignments (master|MERGING)
$ git commit -m "final"
[master 207b30c] final

ishag@LAPTOP-G98A5QNF MINGW64 ~/Assignments (master)
$ git merge js-assignments
Already up to date.

ishag@LAPTOP-G98A5QNF MINGW64 ~/Assignments (master)
$ git log
commit 207b30c66ceec4a18bfcda5ed012808f03fde262 (HEAD -> master)
Merge: 42b1641 5e40abc
Author: isha-gajjar <isha.gajjar2398@gmail.com>
Date:   Sat Apr 10 18:33:35 2021 +0530

    final

commit 5e40abc53c694516de62f71adce3021b81d631bd (js-assignments)
Author: isha-gajjar <isha.gajjar2398@gmail.com>
Date:   Sat Apr 10 18:31:06 2021 +0530

    committing new changes

commit 42b164131dc52b79882b9afdcfd4c529ee988829
Author: isha-gajjar <isha.gajjar2398@gmail.com>
Date:   Sat Apr 10 18:30:09 2021 +0530

    again made changes in line 1

commit d6bb95d079c403f5a994a9a92103c1460b739ff9
Author: isha-gajjar <isha.gajjar2398@gmail.com>
Date:   Sat Apr 10 18:27:33 2021 +0530


ishag@LAPTOP-G98A5QNF MINGW64 ~/Assignments (master)
$ git branch -d js-assignments
Deleted branch js-assignments (was 5e40abc).

Assignment Part 3: Git Remoting
A.	Pushing to Remote Repository

ishag@LAPTOP-G98A5QNF MINGW64 ~
$ cd Assignments

ishag@LAPTOP-G98A5QNF MINGW64 ~/Assignments (master)
$ git init
Reinitialized existing Git repository in C:/Users/ishag/Assignments/.git/

ishag@LAPTOP-G98A5QNF MINGW64 ~/Assignments (master)
$ ls
isha.html  proj.js  sample.css

ishag@LAPTOP-G98A5QNF MINGW64 ~/Assignments (master)
$ git remote add origin https://github.com/isha-gajjar/freshersbatch-april2021.git
error: remote origin already exists.

ishag@LAPTOP-G98A5QNF MINGW64 ~/Assignments (master)
$ git add isha.html

ishag@LAPTOP-G98A5QNF MINGW64 ~/Assignments (master)
$ git commit -m "commit html file"
On branch master
nothing to commit, working tree clean

ishag@LAPTOP-G98A5QNF MINGW64 ~/Assignments (master)
$ git push origin master
Enumerating objects: 49, done.
Counting objects: 100% (49/49), done.
Delta compression using up to 8 threads
Compressing objects: 100% (46/46), done.
Writing objects: 100% (49/49), 5.78 KiB | 987.00 KiB/s, done.
Total 49 (delta 10), reused 0 (delta 0), pack-reused 0
remote: Resolving deltas: 100% (10/10), done.
To https://github.com/isha-gajjar/freshersbatch-april2021.git
 * [new branch]      master -> master

 
B.	Pushing source code to remote repository using Eclipse GIT plugin
Added sample eclipse project
 





Updated again with a new test class 
 
 
